{
  "base_losses": [
    {
      "capture": "KXBTC15M-20260731T234548Z-10800s.jsonl.gz",
      "edge_run_000": 41,
      "edge_run_010": 35,
      "edge_run_020": 33,
      "edge_run_030": 26,
      "edge_run_050": 21,
      "execution_worst": 0.77,
      "fees": 1.26,
      "flips_10s": 0,
      "flips_120s": 0,
      "flips_15s": 0,
      "flips_30s": 0,
      "flips_3s": 0,
      "flips_5s": 0,
      "flips_60s": 0,
      "open_s": 1785544200,
      "p_delta_10s": 0.19864285128321524,
      "p_delta_120s": 0.19864285128321524,
      "p_delta_15s": 0.19864285128321524,
      "p_delta_30s": 0.19864285128321524,
      "p_delta_3s": 0.008128286156930509,
      "p_delta_5s": 0.19864285128321524,
      "p_delta_60s": 0.19864285128321524,
      "p_mean_10s": 0.8954683191489214,
      "p_mean_120s": 0.8954683191489214,
      "p_mean_15s": 0.8954683191489214,
      "p_mean_30s": 0.8954683191489214,
      "p_mean_3s": 0.8959073995541015,
      "p_mean_5s": 0.8954683191489214,
      "p_mean_60s": 0.8954683191489214,
      "p_min_10s": 0.8870176916844941,
      "p_min_120s": 0.8870176916844941,
      "p_min_15s": 0.8870176916844941,
      "p_min_30s": 0.8870176916844941,
      "p_min_3s": 0.8870176916844941,
      "p_min_5s": 0.8870176916844941,
      "p_min_60s": 0.8870176916844941,
      "p_run_750": 4,
      "p_run_800": 4,
      "p_run_850": 4,
      "p_run_900": 1,
      "p_run_925": 0,
      "p_run_950": 0,
      "p_side": 0.902279364090312,
      "pnl": -77.75997500000001,
      "qty": 100.0,
      "same_side_run": 178,
      "seconds_to_close": 360.736845,
      "side": "no",
      "signal": true,
      "signal_ask": 0.7549997500000001,
      "signal_ns": 1785544739263155000,
      "ticker": "KXBTC15M-26JUL312045-45",
      "win": false
    }
  ],
  "family_best": {
    "confidence_delta": {
      "capture_union": {
        "after_strongest_3h_mean": 3.785152263157895,
        "after_top10_mean": 1.4026366981132077,
        "annualized": 142434.1257509434,
        "chronological_thirds": [
          3.9963895833333325,
          3.090754357142858,
          5.109516071428572
        ],
        "fixed_utc_3h_blocks": [
          0.0,
          5.267499999999999,
          5.9408354166666655,
          0.7808333333333333,
          2.801484166666667,
          3.6988056250000017,
          5.328763333333333,
          4.467568958333334,
          0.0,
          0.0,
          0.0,
          0.8591666666666667,
          2.5100000000000002,
          4.251666666666668
        ],
        "fixed_utc_3h_lcb95": 52343.491630588265,
        "mean_per_slot": 4.064900849056604,
        "scheduled_slots": 106,
        "top1_positive_share": 0.08310405092141246,
        "top5_positive_share": 0.31128139064081467,
        "total_pnl": 430.87949000000003
      },
      "failed_after_signal": 1,
      "full_elapsed_span": {
        "after_strongest_3h_mean": 2.5379963103448278,
        "after_top10_mean": 0.5681309872611465,
        "annualized": 102258.65815031846,
        "chronological_thirds": [
          3.8639214150943393,
          3.114262596153847,
          1.7586538461538466
        ],
        "fixed_utc_3h_blocks": [
          0.0,
          5.969166666666666,
          7.514168749999999,
          0.7808333333333333,
          2.801484166666667,
          3.6988056250000017,
          5.328763333333333,
          4.467568958333334,
          0.0,
          0.0,
          0.0,
          0.8591666666666667,
          2.5100000000000002,
          4.251666666666668
        ],
        "fixed_utc_3h_lcb95": 53513.75416460884,
        "mean_per_slot": 2.9183407006369424,
        "scheduled_slots": 157,
        "top1_positive_share": 0.0788708478484599,
        "top5_positive_share": 0.29542515589890356,
        "total_pnl": 458.17949
      },
      "losses": 1,
      "minimum_frame_lcb95": 52343.491630588265,
      "params": {
        "edge_min": 0.01,
        "latency_ms": 2000,
        "max_ask": 0.95,
        "max_seconds_to_close": 450,
        "min_seconds_to_close": 45,
        "p_min": 0.9
      },
      "rule": "confidence_delta_10s_ge_-0.05",
      "signals": 39,
      "trades": 38,
      "wins": 37
    },
    "persistence": {
      "capture_union": {
        "after_strongest_3h_mean": 3.775013210526316,
        "after_top10_mean": 1.3941158490566037,
        "annualized": 141801.6835018868,
        "chronological_thirds": [
          3.970000694444444,
          3.090754357142858,
          5.081995785714286
        ],
        "fixed_utc_3h_blocks": [
          0.0,
          5.267499999999999,
          5.861668749999999,
          0.7808333333333333,
          2.801484166666667,
          3.6988056250000017,
          5.166263333333333,
          4.4714681249999995,
          0.0,
          0.0,
          0.0,
          0.8591666666666667,
          2.5100000000000002,
          4.33
        ],
        "fixed_utc_3h_lcb95": 52260.59049645197,
        "mean_per_slot": 4.046851698113207,
        "scheduled_slots": 106,
        "top1_positive_share": 0.08341782092976413,
        "top5_positive_share": 0.30862817637108614,
        "total_pnl": 428.96628
      },
      "failed_after_signal": 1,
      "full_elapsed_span": {
        "after_strongest_3h_mean": 2.531353482758621,
        "after_top10_mean": 0.5684290127388536,
        "annualized": 101831.65892484075,
        "chronological_thirds": [
          3.8459968867924523,
          3.077662403846154,
          1.7767307692307692
        ],
        "fixed_utc_3h_blocks": [
          0.0,
          5.969166666666666,
          7.435002083333331,
          0.7808333333333333,
          2.801484166666667,
          3.6988056250000017,
          5.166263333333333,
          4.4714681249999995,
          0.0,
          0.0,
          0.0,
          0.8591666666666667,
          2.5100000000000002,
          4.33
        ],
        "fixed_utc_3h_lcb95": 53446.59851102194,
        "mean_per_slot": 2.9061546496815285,
        "scheduled_slots": 157,
        "top1_positive_share": 0.07915341166137983,
        "top5_positive_share": 0.29285077004313204,
        "total_pnl": 456.26628
      },
      "losses": 1,
      "minimum_frame_lcb95": 52260.59049645197,
      "params": {
        "edge_min": 0.01,
        "latency_ms": 2000,
        "max_ask": 0.95,
        "max_seconds_to_close": 450,
        "min_seconds_to_close": 45,
        "p_min": 0.9
      },
      "rule": "persistence_p0.800_n3",
      "signals": 39,
      "trades": 38,
      "wins": 37
    },
    "side_stability": {
      "capture_union": {
        "after_strongest_3h_mean": 3.774731210526316,
        "after_top10_mean": 1.4026366981132077,
        "annualized": 142106.8653735849,
        "chronological_thirds": [
          3.9963895833333325,
          3.090754357142858,
          5.081230357142857
        ],
        "fixed_utc_3h_blocks": [
          0.0,
          5.267499999999999,
          5.9408354166666655,
          0.7808333333333333,
          2.801484166666667,
          3.6988056250000017,
          5.166263333333333,
          4.467568958333334,
          0.0,
          0.0,
          0.0,
          0.8591666666666667,
          2.5100000000000002,
          4.331666666666667
        ],
        "fixed_utc_3h_lcb95": 52305.42073680272,
        "mean_per_slot": 4.055561226415095,
        "scheduled_slots": 106,
        "top1_positive_share": 0.08326611749704098,
        "top5_positive_share": 0.3080472073382368,
        "total_pnl": 429.88949
      },
      "failed_after_signal": 1,
      "full_elapsed_span": {
        "after_strongest_3h_mean": 2.531168724137931,
        "after_top10_mean": 0.5681309872611465,
        "annualized": 102037.70528407642,
        "chronological_thirds": [
          3.8639214150943393,
          3.0767625961538463,
          1.7771153846153849
        ],
        "fixed_utc_3h_blocks": [
          0.0,
          5.969166666666666,
          7.514168749999999,
          0.7808333333333333,
          2.801484166666667,
          3.6988056250000017,
          5.166263333333333,
          4.467568958333334,
          0.0,
          0.0,
          0.0,
          0.8591666666666667,
          2.5100000000000002,
          4.331666666666667
        ],
        "fixed_utc_3h_lcb95": 53450.726985201145,
        "mean_per_slot": 2.912034968152866,
        "scheduled_slots": 157,
        "top1_positive_share": 0.07901680955975905,
        "top5_positive_share": 0.2923266779975189,
        "total_pnl": 457.18949
      },
      "losses": 1,
      "minimum_frame_lcb95": 52305.42073680272,
      "params": {
        "edge_min": 0.01,
        "latency_ms": 2000,
        "max_ask": 0.95,
        "max_seconds_to_close": 450,
        "min_seconds_to_close": 45,
        "p_min": 0.9
      },
      "rule": "side_stability_30s_flips_le_0",
      "signals": 39,
      "trades": 38,
      "wins": 37
    },
    "window_min_p": {
      "capture_union": {
        "after_strongest_3h_mean": 3.795152263157895,
        "after_top10_mean": 1.4026366981132077,
        "annualized": 143068.81254339623,
        "chronological_thirds": [
          4.023334027777777,
          3.090754357142858,
          5.136658928571428
        ],
        "fixed_utc_3h_blocks": [
          0.0,
          5.267499999999999,
          6.021668749999999,
          0.7808333333333333,
          2.801484166666667,
          3.6988056250000017,
          5.328763333333333,
          4.467568958333334,
          0.0,
          0.0,
          0.0,
          0.8591666666666667,
          2.5100000000000002,
          4.3308333333333335
        ],
        "fixed_utc_3h_lcb95": 52512.41116496115,
        "mean_per_slot": 4.083014056603774,
        "scheduled_slots": 106,
        "top1_positive_share": 0.08279153144286532,
        "top5_positive_share": 0.31011079189375124,
        "total_pnl": 432.79949
      },
      "failed_after_signal": 1,
      "full_elapsed_span": {
        "after_strongest_3h_mean": 2.5445480344827587,
        "after_top10_mean": 0.5681309872611465,
        "annualized": 102687.1728,
        "chronological_thirds": [
          3.8822233018867918,
          3.114262596153847,
          1.776923076923077
        ],
        "fixed_utc_3h_blocks": [
          0.0,
          5.969166666666666,
          7.595002083333331,
          0.7808333333333333,
          2.801484166666667,
          3.6988056250000017,
          5.328763333333333,
          4.467568958333334,
          0.0,
          0.0,
          0.0,
          0.8591666666666667,
          2.5100000000000002,
          4.3308333333333335
        ],
        "fixed_utc_3h_lcb95": 53656.82506983948,
        "mean_per_slot": 2.93057,
        "scheduled_slots": 157,
        "top1_positive_share": 0.07858930213303952,
        "top5_positive_share": 0.29437057503487457,
        "total_pnl": 460.09949
      },
      "losses": 1,
      "minimum_frame_lcb95": 52512.41116496115,
      "params": {
        "edge_min": 0.01,
        "latency_ms": 2000,
        "max_ask": 0.95,
        "max_seconds_to_close": 450,
        "min_seconds_to_close": 45,
        "p_min": 0.9
      },
      "rule": "window_min_p_5s_ge_0.85",
      "signals": 39,
      "trades": 38,
      "wins": 37
    }
  },
  "top10": [
    {
      "capture_union": {
        "after_strongest_3h_mean": 3.795152263157895,
        "after_top10_mean": 1.4026366981132077,
        "annualized": 143068.81254339623,
        "chronological_thirds": [
          4.023334027777777,
          3.090754357142858,
          5.136658928571428
        ],
        "fixed_utc_3h_blocks": [
          0.0,
          5.267499999999999,
          6.021668749999999,
          0.7808333333333333,
          2.801484166666667,
          3.6988056250000017,
          5.328763333333333,
          4.467568958333334,
          0.0,
          0.0,
          0.0,
          0.8591666666666667,
          2.5100000000000002,
          4.3308333333333335
        ],
        "fixed_utc_3h_lcb95": 52512.41116496115,
        "mean_per_slot": 4.083014056603774,
        "scheduled_slots": 106,
        "top1_positive_share": 0.08279153144286532,
        "top5_positive_share": 0.31011079189375124,
        "total_pnl": 432.79949
      },
      "failed_after_signal": 1,
      "full_elapsed_span": {
        "after_strongest_3h_mean": 2.5445480344827587,
        "after_top10_mean": 0.5681309872611465,
        "annualized": 102687.1728,
        "chronological_thirds": [
          3.8822233018867918,
          3.114262596153847,
          1.776923076923077
        ],
        "fixed_utc_3h_blocks": [
          0.0,
          5.969166666666666,
          7.595002083333331,
          0.7808333333333333,
          2.801484166666667,
          3.6988056250000017,
          5.328763333333333,
          4.467568958333334,
          0.0,
          0.0,
          0.0,
          0.8591666666666667,
          2.5100000000000002,
          4.3308333333333335
        ],
        "fixed_utc_3h_lcb95": 53656.82506983948,
        "mean_per_slot": 2.93057,
        "scheduled_slots": 157,
        "top1_positive_share": 0.07858930213303952,
        "top5_positive_share": 0.29437057503487457,
        "total_pnl": 460.09949
      },
      "losses": 1,
      "minimum_frame_lcb95": 52512.41116496115,
      "params": {
        "edge_min": 0.01,
        "latency_ms": 2000,
        "max_ask": 0.95,
        "max_seconds_to_close": 450,
        "min_seconds_to_close": 45,
        "p_min": 0.9
      },
      "rule": "window_min_p_5s_ge_0.85",
      "signals": 39,
      "trades": 38,
      "wins": 37
    },
    {
      "capture_union": {
        "after_strongest_3h_mean": 3.785152263157895,
        "after_top10_mean": 1.4026366981132077,
        "annualized": 142434.1257509434,
        "chronological_thirds": [
          3.9963895833333325,
          3.090754357142858,
          5.109516071428572
        ],
        "fixed_utc_3h_blocks": [
          0.0,
          5.267499999999999,
          5.9408354166666655,
          0.7808333333333333,
          2.801484166666667,
          3.6988056250000017,
          5.328763333333333,
          4.467568958333334,
          0.0,
          0.0,
          0.0,
          0.8591666666666667,
          2.5100000000000002,
          4.251666666666668
        ],
        "fixed_utc_3h_lcb95": 52343.491630588265,
        "mean_per_slot": 4.064900849056604,
        "scheduled_slots": 106,
        "top1_positive_share": 0.08310405092141246,
        "top5_positive_share": 0.31128139064081467,
        "total_pnl": 430.87949000000003
      },
      "failed_after_signal": 1,
      "full_elapsed_span": {
        "after_strongest_3h_mean": 2.5379963103448278,
        "after_top10_mean": 0.5681309872611465,
        "annualized": 102258.65815031846,
        "chronological_thirds": [
          3.8639214150943393,
          3.114262596153847,
          1.7586538461538466
        ],
        "fixed_utc_3h_blocks": [
          0.0,
          5.969166666666666,
          7.514168749999999,
          0.7808333333333333,
          2.801484166666667,
          3.6988056250000017,
          5.328763333333333,
          4.467568958333334,
          0.0,
          0.0,
          0.0,
          0.8591666666666667,
          2.5100000000000002,
          4.251666666666668
        ],
        "fixed_utc_3h_lcb95": 53513.75416460884,
        "mean_per_slot": 2.9183407006369424,
        "scheduled_slots": 157,
        "top1_positive_share": 0.0788708478484599,
        "top5_positive_share": 0.29542515589890356,
        "total_pnl": 458.17949
      },
      "losses": 1,
      "minimum_frame_lcb95": 52343.491630588265,
      "params": {
        "edge_min": 0.01,
        "latency_ms": 2000,
        "max_ask": 0.95,
        "max_seconds_to_close": 450,
        "min_seconds_to_close": 45,
        "p_min": 0.9
      },
      "rule": "window_min_p_3s_ge_0.85",
      "signals": 39,
      "trades": 38,
      "wins": 37
    },
    {
      "capture_union": {
        "after_strongest_3h_mean": 3.785152263157895,
        "after_top10_mean": 1.4026366981132077,
        "annualized": 142434.1257509434,
        "chronological_thirds": [
          3.9963895833333325,
          3.090754357142858,
          5.109516071428572
        ],
        "fixed_utc_3h_blocks": [
          0.0,
          5.267499999999999,
          5.9408354166666655,
          0.7808333333333333,
          2.801484166666667,
          3.6988056250000017,
          5.328763333333333,
          4.467568958333334,
          0.0,
          0.0,
          0.0,
          0.8591666666666667,
          2.5100000000000002,
          4.251666666666668
        ],
        "fixed_utc_3h_lcb95": 52343.491630588265,
        "mean_per_slot": 4.064900849056604,
        "scheduled_slots": 106,
        "top1_positive_share": 0.08310405092141246,
        "top5_positive_share": 0.31128139064081467,
        "total_pnl": 430.87949000000003
      },
      "failed_after_signal": 1,
      "full_elapsed_span": {
        "after_strongest_3h_mean": 2.5379963103448278,
        "after_top10_mean": 0.5681309872611465,
        "annualized": 102258.65815031846,
        "chronological_thirds": [
          3.8639214150943393,
          3.114262596153847,
          1.7586538461538466
        ],
        "fixed_utc_3h_blocks": [
          0.0,
          5.969166666666666,
          7.514168749999999,
          0.7808333333333333,
          2.801484166666667,
          3.6988056250000017,
          5.328763333333333,
          4.467568958333334,
          0.0,
          0.0,
          0.0,
          0.8591666666666667,
          2.5100000000000002,
          4.251666666666668
        ],
        "fixed_utc_3h_lcb95": 53513.75416460884,
        "mean_per_slot": 2.9183407006369424,
        "scheduled_slots": 157,
        "top1_positive_share": 0.0788708478484599,
        "top5_positive_share": 0.29542515589890356,
        "total_pnl": 458.17949
      },
      "losses": 1,
      "minimum_frame_lcb95": 52343.491630588265,
      "params": {
        "edge_min": 0.01,
        "latency_ms": 2000,
        "max_ask": 0.95,
        "max_seconds_to_close": 450,
        "min_seconds_to_close": 45,
        "p_min": 0.9
      },
      "rule": "confidence_delta_10s_ge_-0.05",
      "signals": 39,
      "trades": 38,
      "wins": 37
    },
    {
      "capture_union": {
        "after_strongest_3h_mean": 3.774731210526316,
        "after_top10_mean": 1.4026366981132077,
        "annualized": 142106.8653735849,
        "chronological_thirds": [
          3.9963895833333325,
          3.090754357142858,
          5.081230357142857
        ],
        "fixed_utc_3h_blocks": [
          0.0,
          5.267499999999999,
          5.9408354166666655,
          0.7808333333333333,
          2.801484166666667,
          3.6988056250000017,
          5.166263333333333,
          4.467568958333334,
          0.0,
          0.0,
          0.0,
          0.8591666666666667,
          2.5100000000000002,
          4.331666666666667
        ],
        "fixed_utc_3h_lcb95": 52305.42073680272,
        "mean_per_slot": 4.055561226415095,
        "scheduled_slots": 106,
        "top1_positive_share": 0.08326611749704098,
        "top5_positive_share": 0.3080472073382368,
        "total_pnl": 429.88949
      },
      "failed_after_signal": 1,
      "full_elapsed_span": {
        "after_strongest_3h_mean": 2.531168724137931,
        "after_top10_mean": 0.5681309872611465,
        "annualized": 102037.70528407642,
        "chronological_thirds": [
          3.8639214150943393,
          3.0767625961538463,
          1.7771153846153849
        ],
        "fixed_utc_3h_blocks": [
          0.0,
          5.969166666666666,
          7.514168749999999,
          0.7808333333333333,
          2.801484166666667,
          3.6988056250000017,
          5.166263333333333,
          4.467568958333334,
          0.0,
          0.0,
          0.0,
          0.8591666666666667,
          2.5100000000000002,
          4.331666666666667
        ],
        "fixed_utc_3h_lcb95": 53450.726985201145,
        "mean_per_slot": 2.912034968152866,
        "scheduled_slots": 157,
        "top1_positive_share": 0.07901680955975905,
        "top5_positive_share": 0.2923266779975189,
        "total_pnl": 457.18949
      },
      "losses": 1,
      "minimum_frame_lcb95": 52305.42073680272,
      "params": {
        "edge_min": 0.01,
        "latency_ms": 2000,
        "max_ask": 0.95,
        "max_seconds_to_close": 450,
        "min_seconds_to_close": 45,
        "p_min": 0.9
      },
      "rule": "side_stability_30s_flips_le_0",
      "signals": 39,
      "trades": 38,
      "wins": 37
    },
    {
      "capture_union": {
        "after_strongest_3h_mean": 3.774731210526316,
        "after_top10_mean": 1.4026366981132077,
        "annualized": 142106.8653735849,
        "chronological_thirds": [
          3.9963895833333325,
          3.090754357142858,
          5.081230357142857
        ],
        "fixed_utc_3h_blocks": [
          0.0,
          5.267499999999999,
          5.9408354166666655,
          0.7808333333333333,
          2.801484166666667,
          3.6988056250000017,
          5.166263333333333,
          4.467568958333334,
          0.0,
          0.0,
          0.0,
          0.8591666666666667,
          2.5100000000000002,
          4.331666666666667
        ],
        "fixed_utc_3h_lcb95": 52305.42073680272,
        "mean_per_slot": 4.055561226415095,
        "scheduled_slots": 106,
        "top1_positive_share": 0.08326611749704098,
        "top5_positive_share": 0.3080472073382368,
        "total_pnl": 429.88949
      },
      "failed_after_signal": 1,
      "full_elapsed_span": {
        "after_strongest_3h_mean": 2.531168724137931,
        "after_top10_mean": 0.5681309872611465,
        "annualized": 102037.70528407642,
        "chronological_thirds": [
          3.8639214150943393,
          3.0767625961538463,
          1.7771153846153849
        ],
        "fixed_utc_3h_blocks": [
          0.0,
          5.969166666666666,
          7.514168749999999,
          0.7808333333333333,
          2.801484166666667,
          3.6988056250000017,
          5.166263333333333,
          4.467568958333334,
          0.0,
          0.0,
          0.0,
          0.8591666666666667,
          2.5100000000000002,
          4.331666666666667
        ],
        "fixed_utc_3h_lcb95": 53450.726985201145,
        "mean_per_slot": 2.912034968152866,
        "scheduled_slots": 157,
        "top1_positive_share": 0.07901680955975905,
        "top5_positive_share": 0.2923266779975189,
        "total_pnl": 457.18949
      },
      "losses": 1,
      "minimum_frame_lcb95": 52305.42073680272,
      "params": {
        "edge_min": 0.01,
        "latency_ms": 2000,
        "max_ask": 0.95,
        "max_seconds_to_close": 450,
        "min_seconds_to_close": 45,
        "p_min": 0.9
      },
      "rule": "window_min_p_10s_ge_0.80",
      "signals": 39,
      "trades": 38,
      "wins": 37
    },
    {
      "capture_union": {
        "after_strongest_3h_mean": 3.774731210526316,
        "after_top10_mean": 1.4026366981132077,
        "annualized": 142106.8653735849,
        "chronological_thirds": [
          3.9963895833333325,
          3.090754357142858,
          5.081230357142857
        ],
        "fixed_utc_3h_blocks": [
          0.0,
          5.267499999999999,
          5.9408354166666655,
          0.7808333333333333,
          2.801484166666667,
          3.6988056250000017,
          5.166263333333333,
          4.467568958333334,
          0.0,
          0.0,
          0.0,
          0.8591666666666667,
          2.5100000000000002,
          4.331666666666667
        ],
        "fixed_utc_3h_lcb95": 52305.42073680272,
        "mean_per_slot": 4.055561226415095,
        "scheduled_slots": 106,
        "top1_positive_share": 0.08326611749704098,
        "top5_positive_share": 0.3080472073382368,
        "total_pnl": 429.88949
      },
      "failed_after_signal": 1,
      "full_elapsed_span": {
        "after_strongest_3h_mean": 2.531168724137931,
        "after_top10_mean": 0.5681309872611465,
        "annualized": 102037.70528407642,
        "chronological_thirds": [
          3.8639214150943393,
          3.0767625961538463,
          1.7771153846153849
        ],
        "fixed_utc_3h_blocks": [
          0.0,
          5.969166666666666,
          7.514168749999999,
          0.7808333333333333,
          2.801484166666667,
          3.6988056250000017,
          5.166263333333333,
          4.467568958333334,
          0.0,
          0.0,
          0.0,
          0.8591666666666667,
          2.5100000000000002,
          4.331666666666667
        ],
        "fixed_utc_3h_lcb95": 53450.726985201145,
        "mean_per_slot": 2.912034968152866,
        "scheduled_slots": 157,
        "top1_positive_share": 0.07901680955975905,
        "top5_positive_share": 0.2923266779975189,
        "total_pnl": 457.18949
      },
      "losses": 1,
      "minimum_frame_lcb95": 52305.42073680272,
      "params": {
        "edge_min": 0.01,
        "latency_ms": 2000,
        "max_ask": 0.95,
        "max_seconds_to_close": 450,
        "min_seconds_to_close": 45,
        "p_min": 0.9
      },
      "rule": "window_min_p_15s_ge_0.70",
      "signals": 39,
      "trades": 38,
      "wins": 37
    },
    {
      "capture_union": {
        "after_strongest_3h_mean": 3.774731210526316,
        "after_top10_mean": 1.4026366981132077,
        "annualized": 142106.8653735849,
        "chronological_thirds": [
          3.9963895833333325,
          3.090754357142858,
          5.081230357142857
        ],
        "fixed_utc_3h_blocks": [
          0.0,
          5.267499999999999,
          5.9408354166666655,
          0.7808333333333333,
          2.801484166666667,
          3.6988056250000017,
          5.166263333333333,
          4.467568958333334,
          0.0,
          0.0,
          0.0,
          0.8591666666666667,
          2.5100000000000002,
          4.331666666666667
        ],
        "fixed_utc_3h_lcb95": 52305.42073680272,
        "mean_per_slot": 4.055561226415095,
        "scheduled_slots": 106,
        "top1_positive_share": 0.08326611749704098,
        "top5_positive_share": 0.3080472073382368,
        "total_pnl": 429.88949
      },
      "failed_after_signal": 1,
      "full_elapsed_span": {
        "after_strongest_3h_mean": 2.531168724137931,
        "after_top10_mean": 0.5681309872611465,
        "annualized": 102037.70528407642,
        "chronological_thirds": [
          3.8639214150943393,
          3.0767625961538463,
          1.7771153846153849
        ],
        "fixed_utc_3h_blocks": [
          0.0,
          5.969166666666666,
          7.514168749999999,
          0.7808333333333333,
          2.801484166666667,
          3.6988056250000017,
          5.166263333333333,
          4.467568958333334,
          0.0,
          0.0,
          0.0,
          0.8591666666666667,
          2.5100000000000002,
          4.331666666666667
        ],
        "fixed_utc_3h_lcb95": 53450.726985201145,
        "mean_per_slot": 2.912034968152866,
        "scheduled_slots": 157,
        "top1_positive_share": 0.07901680955975905,
        "top5_positive_share": 0.2923266779975189,
        "total_pnl": 457.18949
      },
      "losses": 1,
      "minimum_frame_lcb95": 52305.42073680272,
      "params": {
        "edge_min": 0.01,
        "latency_ms": 2000,
        "max_ask": 0.95,
        "max_seconds_to_close": 450,
        "min_seconds_to_close": 45,
        "p_min": 0.9
      },
      "rule": "window_min_p_30s_ge_0.50",
      "signals": 39,
      "trades": 38,
      "wins": 37
    },
    {
      "capture_union": {
        "after_strongest_3h_mean": 3.7746259473684214,
        "after_top10_mean": 1.4026366981132077,
        "annualized": 142103.55971320753,
        "chronological_thirds": [
          3.9963895833333325,
          3.090754357142858,
          5.080944642857143
        ],
        "fixed_utc_3h_blocks": [
          0.0,
          5.267499999999999,
          5.9408354166666655,
          0.7808333333333333,
          2.801484166666667,
          3.6988056250000017,
          5.166263333333333,
          4.467568958333334,
          0.0,
          0.0,
          0.0,
          0.8591666666666667,
          2.5100000000000002,
          4.3308333333333335
        ],
        "fixed_utc_3h_lcb95": 52304.17154025993,
        "mean_per_slot": 4.055466886792453,
        "scheduled_slots": 106,
        "top1_positive_share": 0.08326775775795917,
        "top5_positive_share": 0.308053275566351,
        "total_pnl": 429.87949000000003
      },
      "failed_after_signal": 1,
      "full_elapsed_span": {
        "after_strongest_3h_mean": 2.53109975862069,
        "after_top10_mean": 0.5681309872611465,
        "annualized": 102035.47343694267,
        "chronological_thirds": [
          3.8639214150943393,
          3.0767625961538463,
          1.776923076923077
        ],
        "fixed_utc_3h_blocks": [
          0.0,
          5.969166666666666,
          7.514168749999999,
          0.7808333333333333,
          2.801484166666667,
          3.6988056250000017,
          5.166263333333333,
          4.467568958333334,
          0.0,
          0.0,
          0.0,
          0.8591666666666667,
          2.5100000000000002,
          4.3308333333333335
        ],
        "fixed_utc_3h_lcb95": 53449.31861691369,
        "mean_per_slot": 2.9119712738853503,
        "scheduled_slots": 157,
        "top1_positive_share": 0.07901828667660553,
        "top5_positive_share": 0.2923321426658996,
        "total_pnl": 457.17949
      },
      "losses": 1,
      "minimum_frame_lcb95": 52304.17154025993,
      "params": {
        "edge_min": 0.01,
        "latency_ms": 2000,
        "max_ask": 0.95,
        "max_seconds_to_close": 450,
        "min_seconds_to_close": 45,
        "p_min": 0.9
      },
      "rule": "window_min_p_5s_ge_0.70",
      "signals": 39,
      "trades": 38,
      "wins": 37
    },
    {
      "capture_union": {
        "after_strongest_3h_mean": 3.7746259473684214,
        "after_top10_mean": 1.4026366981132077,
        "annualized": 142103.55971320753,
        "chronological_thirds": [
          3.9963895833333325,
          3.090754357142858,
          5.080944642857143
        ],
        "fixed_utc_3h_blocks": [
          0.0,
          5.267499999999999,
          5.9408354166666655,
          0.7808333333333333,
          2.801484166666667,
          3.6988056250000017,
          5.166263333333333,
          4.467568958333334,
          0.0,
          0.0,
          0.0,
          0.8591666666666667,
          2.5100000000000002,
          4.3308333333333335
        ],
        "fixed_utc_3h_lcb95": 52304.17154025993,
        "mean_per_slot": 4.055466886792453,
        "scheduled_slots": 106,
        "top1_positive_share": 0.08326775775795917,
        "top5_positive_share": 0.308053275566351,
        "total_pnl": 429.87949000000003
      },
      "failed_after_signal": 1,
      "full_elapsed_span": {
        "after_strongest_3h_mean": 2.53109975862069,
        "after_top10_mean": 0.5681309872611465,
        "annualized": 102035.47343694267,
        "chronological_thirds": [
          3.8639214150943393,
          3.0767625961538463,
          1.776923076923077
        ],
        "fixed_utc_3h_blocks": [
          0.0,
          5.969166666666666,
          7.514168749999999,
          0.7808333333333333,
          2.801484166666667,
          3.6988056250000017,
          5.166263333333333,
          4.467568958333334,
          0.0,
          0.0,
          0.0,
          0.8591666666666667,
          2.5100000000000002,
          4.3308333333333335
        ],
        "fixed_utc_3h_lcb95": 53449.31861691369,
        "mean_per_slot": 2.9119712738853503,
        "scheduled_slots": 157,
        "top1_positive_share": 0.07901828667660553,
        "top5_positive_share": 0.2923321426658996,
        "total_pnl": 457.17949
      },
      "losses": 1,
      "minimum_frame_lcb95": 52304.17154025993,
      "params": {
        "edge_min": 0.01,
        "latency_ms": 2000,
        "max_ask": 0.95,
        "max_seconds_to_close": 450,
        "min_seconds_to_close": 45,
        "p_min": 0.9
      },
      "rule": "window_min_p_5s_ge_0.80",
      "signals": 39,
      "trades": 38,
      "wins": 37
    },
    {
      "capture_union": {
        "after_strongest_3h_mean": 3.7746259473684214,
        "after_top10_mean": 1.4026366981132077,
        "annualized": 142103.55971320753,
        "chronological_thirds": [
          3.9963895833333325,
          3.090754357142858,
          5.080944642857143
        ],
        "fixed_utc_3h_blocks": [
          0.0,
          5.267499999999999,
          5.9408354166666655,
          0.7808333333333333,
          2.801484166666667,
          3.6988056250000017,
          5.166263333333333,
          4.467568958333334,
          0.0,
          0.0,
          0.0,
          0.8591666666666667,
          2.5100000000000002,
          4.3308333333333335
        ],
        "fixed_utc_3h_lcb95": 52304.17154025993,
        "mean_per_slot": 4.055466886792453,
        "scheduled_slots": 106,
        "top1_positive_share": 0.08326775775795917,
        "top5_positive_share": 0.308053275566351,
        "total_pnl": 429.87949000000003
      },
      "failed_after_signal": 1,
      "full_elapsed_span": {
        "after_strongest_3h_mean": 2.53109975862069,
        "after_top10_mean": 0.5681309872611465,
        "annualized": 102035.47343694267,
        "chronological_thirds": [
          3.8639214150943393,
          3.0767625961538463,
          1.776923076923077
        ],
        "fixed_utc_3h_blocks": [
          0.0,
          5.969166666666666,
          7.514168749999999,
          0.7808333333333333,
          2.801484166666667,
          3.6988056250000017,
          5.166263333333333,
          4.467568958333334,
          0.0,
          0.0,
          0.0,
          0.8591666666666667,
          2.5100000000000002,
          4.3308333333333335
        ],
        "fixed_utc_3h_lcb95": 53449.31861691369,
        "mean_per_slot": 2.9119712738853503,
        "scheduled_slots": 157,
        "top1_positive_share": 0.07901828667660553,
        "top5_positive_share": 0.2923321426658996,
        "total_pnl": 457.17949
      },
      "losses": 1,
      "minimum_frame_lcb95": 52304.17154025993,
      "params": {
        "edge_min": 0.01,
        "latency_ms": 2000,
        "max_ask": 0.95,
        "max_seconds_to_close": 450,
        "min_seconds_to_close": 45,
        "p_min": 0.9
      },
      "rule": "window_min_p_10s_ge_0.60",
      "signals": 39,
      "trades": 38,
      "wins": 37
    }
  ]
}
