{
  "after_strongest_3h_block_mean": 0.5499526388888889,
  "after_top10_mean": -0.9769477343749999,
  "annualized": 31554.007275000004,
  "block_means": [
    -5.937327,
    4.700878333333334,
    -1.1030641666666665,
    1.979132916666667,
    1.3913682499999995,
    1.2278199999999997,
    -0.6072083333333332,
    -1.969220833333333,
    -0.24092541666666675,
    1.9458705000000007,
    4.368539583333334,
    -0.5088777500000008,
    -0.5705452500000002,
    5.523794583333334,
    -1.9509458333333327,
    6.158932916666667
  ],
  "chronological_thirds": [
    0.321680859375,
    0.6050864218750002,
    1.7747744375
  ],
  "day_means": {
    "2026-07-26": 0.0,
    "2026-07-27": -0.03970260416666665,
    "2026-07-28": 1.8601065263157897
  },
  "failed_after_signal": 40,
  "fixed_3h_lcb95": -17485.500469296167,
  "losses": 39,
  "markets": 192,
  "mean_per_scheduled_market": 0.90051390625,
  "model": {
    "sigma_multiplier": 0.75,
    "sigma_window": 240
  },
  "params": {
    "edge_min": 0.05,
    "latency_s": 5,
    "max_ask": 0.95,
    "max_seconds_to_close": 600,
    "min_seconds_to_close": 45,
    "p_min": 0.9,
    "participation": 0.05
  },
  "partial_fills": 126,
  "top1_positive_share": 0.0837101391849567,
  "top5_positive_share": 0.25111335901108395,
  "total_pnl": 172.89867,
  "trades": 140,
  "wins": 101
}
