{
  "capture_union": {
    "after_strongest_3h_mean": 3.764625947368421,
    "after_top10_mean": 1.4026366981132077,
    "annualized": 141789.5219773585,
    "chronological_thirds": [
      3.9963895833333325,
      3.090754357142858,
      5.0538017857142865
    ],
    "fixed_utc_3h_blocks": [
      0.0,
      5.267499999999999,
      5.9408354166666655,
      0.7808333333333333,
      2.801484166666667,
      3.6988056250000017,
      5.166263333333333,
      4.467568958333334,
      0.0,
      0.0,
      0.0,
      0.8591666666666667,
      2.5100000000000002,
      4.251666666666668
    ],
    "fixed_utc_3h_lcb95": 52183.91457035589,
    "mean_per_slot": 4.04650462264151,
    "scheduled_slots": 106,
    "top1_positive_share": 0.08342387777886795,
    "top5_positive_share": 0.3086308494691122,
    "total_pnl": 428.92949
  },
  "failed_after_signal": 1,
  "full_elapsed_span": {
    "after_strongest_3h_mean": 2.524548034482759,
    "after_top10_mean": 0.5681309872611465,
    "annualized": 101823.44795923567,
    "chronological_thirds": [
      3.8639214150943393,
      3.0767625961538463,
      1.7586538461538466
    ],
    "fixed_utc_3h_blocks": [
      0.0,
      5.969166666666666,
      7.514168749999999,
      0.7808333333333333,
      2.801484166666667,
      3.6988056250000017,
      5.166263333333333,
      4.467568958333334,
      0.0,
      0.0,
      0.0,
      0.8591666666666667,
      2.5100000000000002,
      4.251666666666668
    ],
    "fixed_utc_3h_lcb95": 53314.08676962095,
    "mean_per_slot": 2.9059203184713374,
    "scheduled_slots": 157,
    "top1_positive_share": 0.07915886505363921,
    "top5_positive_share": 0.29285221947215756,
    "total_pnl": 456.22949
  },
  "losses": 1,
  "minimum_frame_lcb95": 52183.91457035589,
  "model": {
    "sigma_multiplier": 0.6,
    "sigma_window": 60
  },
  "params": {
    "edge_min": 0.01,
    "latency_ms": 2000,
    "max_ask": 0.95,
    "max_seconds_to_close": 450,
    "min_seconds_to_close": 45,
    "p_min": 0.9
  },
  "signals": 39,
  "trades": 38,
  "wins": 37
}
