{
  "params": {
    "latency_ms": 500,
    "entry_cap": 0.45,
    "latest_before_close_s": 300,
    "lock_margin": 0.08,
    "max_wait_s": 180,
    "max_pair_loss": 0.2,
    "slip": 0.0
  },
  "markets": 18,
  "entries": 18,
  "positive_locks": 14,
  "fallback_locks": 4,
  "orphaned": 0,
  "gross_max": 100.0,
  "total_pnl": 54.29259999999999,
  "mean_per_market": 3.016255555555555,
  "annualized": 105689.59466666666,
  "annual_lcb95": 40387.968652516356,
  "capture_means": [
    4.57052,
    1.0971428571428565,
    6.035000000000001,
    2.9225000000000003
  ],
  "third_means": [
    2.1620999999999992,
    2.926666666666666,
    3.9600000000000004
  ],
  "after_top10_mean": 1.8623666666666665,
  "after_strongest_capture_mean": 2.418461538461538
}
